[akashrajpurohit.com/blog/selfhost-vaultwarden-with-scheduled-backups/index.html]
[helgeklein.com/blog/vaultwarden-setup-guide-with-automatic-https/index.html]
[www.virtualizationhowto.com/2023/04/vaultwarden-setup-with-traefik-self-hosted-deployment/index.html]
[sliplane.io/blog/how-i-self-host-vault-warden-without-dealing-with-servers.html]
[noted.lol/vaultwarden/index.html]
[deployn.de/en/blog/setup-vaultwarden/index.html]
[backblue.gif]
[fade.gif]
[index.html]
[www.virtualizationhowto.com/2023/04/vaultwarden-setup-with-traefik-self-hosted-deployment/index.html]
[www.virtualizationhowto.com/2023/04/vaultwarden-setup-with-traefik-self-hosted-deployment/feed/index.html]
[www.virtualizationhowto.com/2023/04/vaultwarden-setup-with-traefik-self-hosted-deployment/Firefox/index.html]
[www.virtualizationhowto.com/2023/04/vaultwarden-setup-with-traefik-self-hosted-deployment/Opera Mini/index.html]
[www.virtualizationhowto.com/2023/04/vaultwarden-setup-with-traefik-self-hosted-deployment/OPR/index.html]
[akashrajpurohit.com/blog/selfhost-vaultwarden-with-scheduled-backups/index.png]
[www.virtualizationhowto.com/2023/04/vaultwarden-setup-with-traefik-self-hosted-deployment/CriOS/index.html]
[akashrajpurohit.com/blog/selfhost-vaultwarden-with-scheduled-backups/t]
[akashrajpurohit.com/blog/selfhost-vaultwarden-with-scheduled-backups/index.html]
[www.virtualizationhowto.com/2023/04/vaultwarden-setup-with-traefik-self-hosted-deployment/Chrome/index.html]
[helgeklein.com/blog/vaultwarden-setup-guide-with-automatic-https/index.html]
[www.virtualizationhowto.com/2023/04/vaultwarden-setup-with-traefik-self-hosted-deployment/Silk/index.html]
[www.virtualizationhowto.com/2023/04/vaultwarden-setup-with-traefik-self-hosted-deployment/WebKit/index.html]
[www.virtualizationhowto.com/2023/04/vaultwarden-setup-with-traefik-self-hosted-deployment/Version/index.html]
[www.virtualizationhowto.com/2023/04/vaultwarden-setup-with-traefik-self-hosted-deployment/IEMobile/index.html]
[sliplane.io/blog/hostinger-alternative.html]
[helgeklein.com/blog/vaultwarden-setup-guide-with-automatic-https/index7c87.html]
[sliplane.io/blog/railway-alternative.html]
[sliplane.io/blog/coolify-alternative.html]
[sliplane.io/blog/how-i-self-host-vault-warden-without-dealing-with-servers.html]
[deployn.de/en/blog/setup-vaultwarden/index.html]
[noted.lol/vaultwarden/index.html]
[www.virtualizationhowto.com/2023/04/vaultwarden-setup-with-traefik-self-hosted-deployment/Firefox/index.html]
[www.virtualizationhowto.com/2023/04/vaultwarden-setup-with-traefik-self-hosted-deployment/Opera Mini/index.html]
[www.virtualizationhowto.com/2023/04/vaultwarden-setup-with-traefik-self-hosted-deployment/OPR/index.html]
[www.virtualizationhowto.com/2023/04/vaultwarden-setup-with-traefik-self-hosted-deployment/OPT/index.html]
[www.virtualizationhowto.com/2023/04/vaultwarden-setup-with-traefik-self-hosted-deployment/CriOS/index.html]
[www.virtualizationhowto.com/2023/04/vaultwarden-setup-with-traefik-self-hosted-deployment/Edge/index.html]
[www.virtualizationhowto.com/2023/04/vaultwarden-setup-with-traefik-self-hosted-deployment/Chrome/index.html]
[www.virtualizationhowto.com/2023/04/vaultwarden-setup-with-traefik-self-hosted-deployment/Silk/index.html]
[www.virtualizationhowto.com/2023/04/vaultwarden-setup-with-traefik-self-hosted-deployment/Version/index.html]
[www.virtualizationhowto.com/2023/04/vaultwarden-setup-with-traefik-self-hosted-deployment/IEMobile/index.html]
[www.virtualizationhowto.com/2023/04/vaultwarden-setup-with-traefik-self-hosted-deployment/WebKit/index.html]
[akashrajpurohit.com/blog/selfhost-vaultwarden-with-scheduled-backups/t.html]
[helgeklein.com/blog/vaultwarden-setup-guide-with-automatic-https/index7c87.html]
[sliplane.io/blog/hostinger-alternative.html]
[sliplane.io/blog/railway-alternative.html]
[sliplane.io/blog/coolify-alternative.html]
[sliplane.io/blog/render-alternative.html]
[sliplane.io/blog/render-alternative.html]
